// Jest Snapshot v1, https://goo.gl/fbAQLP

exports[`Test my profile Button component render 1`] = `
<div
  className="grid grid-cols-2 m-4 gap-y-4 gap-x-8"
>
  <div
    className="border p-3 pb-5"
  >
    <h1
      className="font-bold text-100 border-b"
    >
      My Missions:
    </h1>
    <p>
      You have no missions
    </p>
  </div>
  <div
    className="border p-3 pb-5"
  >
    <h1
      className="font-bold text-100 border-b"
    >
      My Rockets
    </h1>
    <p>
      You reserved no rockets
    </p>
  </div>
</div>
`;
